// Jest Snapshot v1, https://goo.gl/fbAQLP

exports[`renders correctly 1`] = `
<View
  style={
    Object {
      "alignItems": "center",
      "backgroundColor": "#fff",
      "flex": 1,
      "justifyContent": "space-between",
      "padding": 20,
    }
  }
>
  <View
    style={
      Object {
        "alignItems": "center",
        "borderTopLeftRadius": 20,
        "borderTopRightRadius": 20,
        "flex": 0.3,
      }
    }
  >
    <Image
      source={
        Object {
          "uri": "http://ssl.gstatic.com/accounts/ui/avatar_2x.png",
        }
      }
      style={
        Object {
          "borderRadius": 100,
          "height": 75,
          "width": 75,
        }
      }
    />
  </View>
  <View>
    <View
      style={Object {}}
    >
      <View>
        <View
          pointerEvents="none"
          style={
            Array [
              Object {
                "bottom": 0,
                "left": 0,
                "position": "absolute",
                "right": 0,
                "top": 6,
              },
              Object {
                "backgroundColor": "#f6f6f6",
                "borderColor": "rgba(0, 0, 0, 0.54)",
                "borderRadius": 4,
                "borderWidth": 1,
              },
            ]
          }
        />
        <View
          style={
            Object {
              "minHeight": 64,
              "paddingBottom": 0,
              "paddingTop": 8,
            }
          }
        >
          <View
            pointerEvents="none"
            style={
              Object {
                "bottom": 0,
                "left": 0,
                "opacity": 0,
                "position": "absolute",
                "right": 0,
                "top": 0,
                "transform": Array [
                  Object {
                    "translateX": 3,
                  },
                ],
              }
            }
          >
            <View
              pointerEvents="none"
              style={
                Object {
                  "backgroundColor": "#f6f6f6",
                  "bottom": 0,
                  "height": 2,
                  "left": 10,
                  "opacity": 1,
                  "position": "absolute",
                  "right": 0,
                  "top": 6,
                  "transform": Array [
                    Object {
                      "translateX": -3,
                    },
                  ],
                  "width": 8,
                }
              }
            />
            <Text
              numberOfLines={1}
              style={
                Object {
                  "backgroundColor": "#f6f6f6",
                  "color": "transparent",
                  "fontFamily": "System",
                  "fontSize": 16,
                  "fontWeight": undefined,
                  "left": 18,
                  "opacity": 1,
                  "paddingHorizontal": 0,
                  "position": "absolute",
                  "textAlign": "left",
                  "top": 37,
                  "transform": Array [
                    Object {
                      "translateX": 0,
                    },
                    Object {
                      "translateY": -30,
                    },
                    Object {
                      "scale": 0.75,
                    },
                    Object {
                      "scaleY": 0.2,
                    },
                  ],
                  "writingDirection": "ltr",
                }
              }
            >
              Nom
            </Text>
            <Text
              numberOfLines={1}
              onLayout={[Function]}
              style={
                Object {
                  "color": "#6200ee",
                  "fontFamily": "System",
                  "fontSize": 16,
                  "fontWeight": undefined,
                  "left": 0,
                  "opacity": 0,
                  "paddingHorizontal": 14,
                  "position": "absolute",
                  "textAlign": "left",
                  "top": 36,
                  "transform": Array [
                    Object {
                      "translateX": 0,
                    },
                    Object {
                      "translateY": -30,
                    },
                    Object {
                      "scale": 0.75,
                    },
                  ],
                  "writingDirection": "ltr",
                }
              }
            >
              Nom
            </Text>
            <Text
              numberOfLines={1}
              style={
                Object {
                  "color": "rgba(0, 0, 0, 0.54)",
                  "fontFamily": "System",
                  "fontSize": 16,
                  "fontWeight": undefined,
                  "left": 0,
                  "opacity": 0,
                  "paddingHorizontal": 14,
                  "position": "absolute",
                  "textAlign": "left",
                  "top": 36,
                  "transform": Array [
                    Object {
                      "translateX": 0,
                    },
                    Object {
                      "translateY": -30,
                    },
                    Object {
                      "scale": 0.75,
                    },
                  ],
                  "writingDirection": "ltr",
                }
              }
            >
              Nom
            </Text>
          </View>
          <TextInput
            allowFontScaling={true}
            editable={false}
            multiline={false}
            name="Nom"
            onBlur={[Function]}
            onChange={[Function]}
            onChangeText={[Function]}
            onFocus={[Function]}
            placeholder=""
            placeholderTextColor="rgba(0, 0, 0, 0.54)"
            rejectResponderTermination={true}
            selectionColor="#6200ee"
            style={
              Array [
                Object {
                  "flexGrow": 1,
                  "margin": 0,
                  "paddingHorizontal": 14,
                  "textAlign": "left",
                  "zIndex": 1,
                },
                Object {
                  "height": 56,
                },
                Object {
                  "paddingBottom": 0,
                  "paddingTop": 0,
                },
                Object {
                  "color": "#000000",
                  "fontFamily": "System",
                  "fontSize": 16,
                  "fontWeight": undefined,
                  "textAlignVertical": "center",
                },
                Array [
                  Object {},
                ],
              ]
            }
            underlineColorAndroid="transparent"
            value=" "
          />
        </View>
      </View>
    </View>
    <View
      style={Object {}}
    >
      <View>
        <View
          pointerEvents="none"
          style={
            Array [
              Object {
                "bottom": 0,
                "left": 0,
                "position": "absolute",
                "right": 0,
                "top": 6,
              },
              Object {
                "backgroundColor": "#f6f6f6",
                "borderColor": "rgba(0, 0, 0, 0.54)",
                "borderRadius": 4,
                "borderWidth": 1,
              },
            ]
          }
        />
        <View
          style={
            Object {
              "minHeight": 64,
              "paddingBottom": 0,
              "paddingTop": 8,
            }
          }
        >
          <View
            pointerEvents="none"
            style={
              Object {
                "bottom": 0,
                "left": 0,
                "opacity": 0,
                "position": "absolute",
                "right": 0,
                "top": 0,
                "transform": Array [
                  Object {
                    "translateX": 3,
                  },
                ],
              }
            }
          >
            <View
              pointerEvents="none"
              style={
                Object {
                  "backgroundColor": "#f6f6f6",
                  "bottom": 0,
                  "height": 2,
                  "left": 10,
                  "opacity": 1,
                  "position": "absolute",
                  "right": 0,
                  "top": 6,
                  "transform": Array [
                    Object {
                      "translateX": -3,
                    },
                  ],
                  "width": 8,
                }
              }
            />
            <Text
              numberOfLines={1}
              style={
                Object {
                  "backgroundColor": "#f6f6f6",
                  "color": "transparent",
                  "fontFamily": "System",
                  "fontSize": 16,
                  "fontWeight": undefined,
                  "left": 18,
                  "opacity": 1,
                  "paddingHorizontal": 0,
                  "position": "absolute",
                  "textAlign": "left",
                  "top": 37,
                  "transform": Array [
                    Object {
                      "translateX": 0,
                    },
                    Object {
                      "translateY": -30,
                    },
                    Object {
                      "scale": 0.75,
                    },
                    Object {
                      "scaleY": 0.2,
                    },
                  ],
                  "writingDirection": "ltr",
                }
              }
            >
              Prenom
            </Text>
            <Text
              numberOfLines={1}
              onLayout={[Function]}
              style={
                Object {
                  "color": "#6200ee",
                  "fontFamily": "System",
                  "fontSize": 16,
                  "fontWeight": undefined,
                  "left": 0,
                  "opacity": 0,
                  "paddingHorizontal": 14,
                  "position": "absolute",
                  "textAlign": "left",
                  "top": 36,
                  "transform": Array [
                    Object {
                      "translateX": 0,
                    },
                    Object {
                      "translateY": -30,
                    },
                    Object {
                      "scale": 0.75,
                    },
                  ],
                  "writingDirection": "ltr",
                }
              }
            >
              Prenom
            </Text>
            <Text
              numberOfLines={1}
              style={
                Object {
                  "color": "rgba(0, 0, 0, 0.54)",
                  "fontFamily": "System",
                  "fontSize": 16,
                  "fontWeight": undefined,
                  "left": 0,
                  "opacity": 0,
                  "paddingHorizontal": 14,
                  "position": "absolute",
                  "textAlign": "left",
                  "top": 36,
                  "transform": Array [
                    Object {
                      "translateX": 0,
                    },
                    Object {
                      "translateY": -30,
                    },
                    Object {
                      "scale": 0.75,
                    },
                  ],
                  "writingDirection": "ltr",
                }
              }
            >
              Prenom
            </Text>
          </View>
          <TextInput
            allowFontScaling={true}
            editable={false}
            multiline={false}
            name="Prenom"
            onBlur={[Function]}
            onChange={[Function]}
            onChangeText={[Function]}
            onFocus={[Function]}
            placeholder=""
            placeholderTextColor="rgba(0, 0, 0, 0.54)"
            rejectResponderTermination={true}
            selectionColor="#6200ee"
            style={
              Array [
                Object {
                  "flexGrow": 1,
                  "margin": 0,
                  "paddingHorizontal": 14,
                  "textAlign": "left",
                  "zIndex": 1,
                },
                Object {
                  "height": 56,
                },
                Object {
                  "paddingBottom": 0,
                  "paddingTop": 0,
                },
                Object {
                  "color": "#000000",
                  "fontFamily": "System",
                  "fontSize": 16,
                  "fontWeight": undefined,
                  "textAlignVertical": "center",
                },
                Array [
                  Object {},
                ],
              ]
            }
            underlineColorAndroid="transparent"
            value=" "
          />
        </View>
      </View>
    </View>
    <View
      style={Object {}}
    >
      <View>
        <View
          pointerEvents="none"
          style={
            Array [
              Object {
                "bottom": 0,
                "left": 0,
                "position": "absolute",
                "right": 0,
                "top": 6,
              },
              Object {
                "backgroundColor": "#f6f6f6",
                "borderColor": "rgba(0, 0, 0, 0.54)",
                "borderRadius": 4,
                "borderWidth": 1,
              },
            ]
          }
        />
        <View
          style={
            Object {
              "minHeight": 64,
              "paddingBottom": 0,
              "paddingTop": 8,
            }
          }
        >
          <View
            pointerEvents="none"
            style={
              Object {
                "bottom": 0,
                "left": 0,
                "opacity": 0,
                "position": "absolute",
                "right": 0,
                "top": 0,
                "transform": Array [
                  Object {
                    "translateX": 3,
                  },
                ],
              }
            }
          >
            <View
              pointerEvents="none"
              style={
                Object {
                  "backgroundColor": "#f6f6f6",
                  "bottom": 0,
                  "height": 2,
                  "left": 10,
                  "opacity": 1,
                  "position": "absolute",
                  "right": 0,
                  "top": 6,
                  "transform": Array [
                    Object {
                      "translateX": -3,
                    },
                  ],
                  "width": 8,
                }
              }
            />
            <Text
              numberOfLines={1}
              style={
                Object {
                  "backgroundColor": "#f6f6f6",
                  "color": "transparent",
                  "fontFamily": "System",
                  "fontSize": 16,
                  "fontWeight": undefined,
                  "left": 18,
                  "opacity": 1,
                  "paddingHorizontal": 0,
                  "position": "absolute",
                  "textAlign": "left",
                  "top": 37,
                  "transform": Array [
                    Object {
                      "translateX": 0,
                    },
                    Object {
                      "translateY": -30,
                    },
                    Object {
                      "scale": 0.75,
                    },
                    Object {
                      "scaleY": 0.2,
                    },
                  ],
                  "writingDirection": "ltr",
                }
              }
            >
              Adresse
            </Text>
            <Text
              numberOfLines={1}
              onLayout={[Function]}
              style={
                Object {
                  "color": "#6200ee",
                  "fontFamily": "System",
                  "fontSize": 16,
                  "fontWeight": undefined,
                  "left": 0,
                  "opacity": 0,
                  "paddingHorizontal": 14,
                  "position": "absolute",
                  "textAlign": "left",
                  "top": 36,
                  "transform": Array [
                    Object {
                      "translateX": 0,
                    },
                    Object {
                      "translateY": -30,
                    },
                    Object {
                      "scale": 0.75,
                    },
                  ],
                  "writingDirection": "ltr",
                }
              }
            >
              Adresse
            </Text>
            <Text
              numberOfLines={1}
              style={
                Object {
                  "color": "rgba(0, 0, 0, 0.54)",
                  "fontFamily": "System",
                  "fontSize": 16,
                  "fontWeight": undefined,
                  "left": 0,
                  "opacity": 0,
                  "paddingHorizontal": 14,
                  "position": "absolute",
                  "textAlign": "left",
                  "top": 36,
                  "transform": Array [
                    Object {
                      "translateX": 0,
                    },
                    Object {
                      "translateY": -30,
                    },
                    Object {
                      "scale": 0.75,
                    },
                  ],
                  "writingDirection": "ltr",
                }
              }
            >
              Adresse
            </Text>
          </View>
          <TextInput
            allowFontScaling={true}
            editable={false}
            multiline={false}
            name="adresse"
            onBlur={[Function]}
            onChange={[Function]}
            onChangeText={[Function]}
            onFocus={[Function]}
            placeholder=""
            placeholderTextColor="rgba(0, 0, 0, 0.54)"
            rejectResponderTermination={true}
            selectionColor="#6200ee"
            style={
              Array [
                Object {
                  "flexGrow": 1,
                  "margin": 0,
                  "paddingHorizontal": 14,
                  "textAlign": "left",
                  "zIndex": 1,
                },
                Object {
                  "height": 56,
                },
                Object {
                  "paddingBottom": 0,
                  "paddingTop": 0,
                },
                Object {
                  "color": "#000000",
                  "fontFamily": "System",
                  "fontSize": 16,
                  "fontWeight": undefined,
                  "textAlignVertical": "center",
                },
                Array [
                  Object {},
                ],
              ]
            }
            underlineColorAndroid="transparent"
            value=" "
          />
        </View>
      </View>
    </View>
    <View
      style={Object {}}
    >
      <View>
        <View
          pointerEvents="none"
          style={
            Array [
              Object {
                "bottom": 0,
                "left": 0,
                "position": "absolute",
                "right": 0,
                "top": 6,
              },
              Object {
                "backgroundColor": "#f6f6f6",
                "borderColor": "rgba(0, 0, 0, 0.54)",
                "borderRadius": 4,
                "borderWidth": 1,
              },
            ]
          }
        />
        <View
          style={
            Object {
              "minHeight": 64,
              "paddingBottom": 0,
              "paddingTop": 8,
            }
          }
        >
          <View
            pointerEvents="none"
            style={
              Object {
                "bottom": 0,
                "left": 0,
                "opacity": 0,
                "position": "absolute",
                "right": 0,
                "top": 0,
                "transform": Array [
                  Object {
                    "translateX": 3,
                  },
                ],
              }
            }
          >
            <View
              pointerEvents="none"
              style={
                Object {
                  "backgroundColor": "#f6f6f6",
                  "bottom": 0,
                  "height": 2,
                  "left": 10,
                  "opacity": 1,
                  "position": "absolute",
                  "right": 0,
                  "top": 6,
                  "transform": Array [
                    Object {
                      "translateX": -3,
                    },
                  ],
                  "width": 8,
                }
              }
            />
            <Text
              numberOfLines={1}
              style={
                Object {
                  "backgroundColor": "#f6f6f6",
                  "color": "transparent",
                  "fontFamily": "System",
                  "fontSize": 16,
                  "fontWeight": undefined,
                  "left": 18,
                  "opacity": 1,
                  "paddingHorizontal": 0,
                  "position": "absolute",
                  "textAlign": "left",
                  "top": 37,
                  "transform": Array [
                    Object {
                      "translateX": 0,
                    },
                    Object {
                      "translateY": -30,
                    },
                    Object {
                      "scale": 0.75,
                    },
                    Object {
                      "scaleY": 0.2,
                    },
                  ],
                  "writingDirection": "ltr",
                }
              }
            >
              Code postal
            </Text>
            <Text
              numberOfLines={1}
              onLayout={[Function]}
              style={
                Object {
                  "color": "#6200ee",
                  "fontFamily": "System",
                  "fontSize": 16,
                  "fontWeight": undefined,
                  "left": 0,
                  "opacity": 0,
                  "paddingHorizontal": 14,
                  "position": "absolute",
                  "textAlign": "left",
                  "top": 36,
                  "transform": Array [
                    Object {
                      "translateX": 0,
                    },
                    Object {
                      "translateY": -30,
                    },
                    Object {
                      "scale": 0.75,
                    },
                  ],
                  "writingDirection": "ltr",
                }
              }
            >
              Code postal
            </Text>
            <Text
              numberOfLines={1}
              style={
                Object {
                  "color": "rgba(0, 0, 0, 0.54)",
                  "fontFamily": "System",
                  "fontSize": 16,
                  "fontWeight": undefined,
                  "left": 0,
                  "opacity": 0,
                  "paddingHorizontal": 14,
                  "position": "absolute",
                  "textAlign": "left",
                  "top": 36,
                  "transform": Array [
                    Object {
                      "translateX": 0,
                    },
                    Object {
                      "translateY": -30,
                    },
                    Object {
                      "scale": 0.75,
                    },
                  ],
                  "writingDirection": "ltr",
                }
              }
            >
              Code postal
            </Text>
          </View>
          <TextInput
            allowFontScaling={true}
            editable={false}
            multiline={false}
            name="code"
            onBlur={[Function]}
            onChange={[Function]}
            onChangeText={[Function]}
            onFocus={[Function]}
            placeholder=""
            placeholderTextColor="rgba(0, 0, 0, 0.54)"
            rejectResponderTermination={true}
            selectionColor="#6200ee"
            style={
              Array [
                Object {
                  "flexGrow": 1,
                  "margin": 0,
                  "paddingHorizontal": 14,
                  "textAlign": "left",
                  "zIndex": 1,
                },
                Object {
                  "height": 56,
                },
                Object {
                  "paddingBottom": 0,
                  "paddingTop": 0,
                },
                Object {
                  "color": "#000000",
                  "fontFamily": "System",
                  "fontSize": 16,
                  "fontWeight": undefined,
                  "textAlignVertical": "center",
                },
                Array [
                  Object {},
                ],
              ]
            }
            underlineColorAndroid="transparent"
            value=" "
          />
        </View>
      </View>
    </View>
  </View>
  <View
    style={
      Object {
        "flex": 0.3,
        "flexDirection": "column",
        "justifyContent": "space-between",
      }
    }
  >
    <View
      accessibilityRole="button"
      accessibilityState={Object {}}
      accessible={true}
      focusable={true}
      onClick={[Function]}
      onResponderGrant={[Function]}
      onResponderMove={[Function]}
      onResponderRelease={[Function]}
      onResponderTerminate={[Function]}
      onResponderTerminationRequest={[Function]}
      onStartShouldSetResponder={[Function]}
      style={
        Object {
          "opacity": 1,
        }
      }
    >
      <View
        style={
          Array [
            Object {},
          ]
        }
      >
        <Text
          style={
            Array [
              Object {
                "color": "#007AFF",
                "fontSize": 18,
                "margin": 8,
                "textAlign": "center",
              },
              Object {
                "color": "blue",
              },
            ]
          }
        >
          Modifier
        </Text>
      </View>
    </View>
    <View
      style={
        Object {
          "flex": 0.1,
        }
      }
    />
  </View>
</View>
`;
